../Drivers/BSP/Components/lsm6dsv/lsm6dsv.c:100:9:LSM6DSV_RegisterBusIO	24	static
../Drivers/BSP/Components/lsm6dsv/lsm6dsv.c:163:9:LSM6DSV_Init	16	static
../Drivers/BSP/Components/lsm6dsv/lsm6dsv.c:230:9:LSM6DSV_DeInit	16	static
../Drivers/BSP/Components/lsm6dsv/lsm6dsv.c:258:9:LSM6DSV_ReadID	16	static
../Drivers/BSP/Components/lsm6dsv/lsm6dsv.c:274:9:LSM6DSV_GetCapabilities	16	static
../Drivers/BSP/Components/lsm6dsv/lsm6dsv.c:297:9:LSM6DSV_ACC_Enable	16	static
../Drivers/BSP/Components/lsm6dsv/lsm6dsv.c:321:9:LSM6DSV_ACC_Disable	16	static
../Drivers/BSP/Components/lsm6dsv/lsm6dsv.c:352:9:LSM6DSV_ACC_GetSensitivity	24	static
../Drivers/BSP/Components/lsm6dsv/lsm6dsv.c:396:9:LSM6DSV_ACC_GetOutputDataRate	24	static
../Drivers/BSP/Components/lsm6dsv/lsm6dsv.c:555:9:LSM6DSV_ACC_SetOutputDataRate	16	static
../Drivers/BSP/Components/lsm6dsv/lsm6dsv.c:568:9:LSM6DSV_ACC_SetOutputDataRate_With_Mode	32	static
../Drivers/BSP/Components/lsm6dsv/lsm6dsv.c:668:9:LSM6DSV_ACC_GetFullScale	24	static
../Drivers/BSP/Components/lsm6dsv/lsm6dsv.c:711:9:LSM6DSV_ACC_SetFullScale	24	static
../Drivers/BSP/Components/lsm6dsv/lsm6dsv.c:736:9:LSM6DSV_ACC_GetAxesRaw	24	static
../Drivers/BSP/Components/lsm6dsv/lsm6dsv.c:760:9:LSM6DSV_ACC_GetAxes	32	static
../Drivers/BSP/Components/lsm6dsv/lsm6dsv.c:790:9:LSM6DSV_GYRO_Enable	16	static
../Drivers/BSP/Components/lsm6dsv/lsm6dsv.c:814:9:LSM6DSV_GYRO_Disable	16	static
../Drivers/BSP/Components/lsm6dsv/lsm6dsv.c:845:9:LSM6DSV_GYRO_GetSensitivity	24	static
../Drivers/BSP/Components/lsm6dsv/lsm6dsv.c:897:9:LSM6DSV_GYRO_GetOutputDataRate	24	static
../Drivers/BSP/Components/lsm6dsv/lsm6dsv.c:1056:9:LSM6DSV_GYRO_SetOutputDataRate	16	static
../Drivers/BSP/Components/lsm6dsv/lsm6dsv.c:1068:9:LSM6DSV_GYRO_SetOutputDataRate_With_Mode	32	static
../Drivers/BSP/Components/lsm6dsv/lsm6dsv.c:1133:9:LSM6DSV_GYRO_GetFullScale	24	static
../Drivers/BSP/Components/lsm6dsv/lsm6dsv.c:1184:9:LSM6DSV_GYRO_SetFullScale	24	static
../Drivers/BSP/Components/lsm6dsv/lsm6dsv.c:1209:9:LSM6DSV_GYRO_GetAxesRaw	24	static
../Drivers/BSP/Components/lsm6dsv/lsm6dsv.c:1233:9:LSM6DSV_GYRO_GetAxes	32	static
../Drivers/BSP/Components/lsm6dsv/lsm6dsv.c:1265:9:LSM6DSV_Read_Reg	24	static
../Drivers/BSP/Components/lsm6dsv/lsm6dsv.c:1282:9:LSM6DSV_Write_Reg	16	static
../Drivers/BSP/Components/lsm6dsv/lsm6dsv.c:1298:9:LSM6DSV_ACC_Get_DRDY_Status	24	static
../Drivers/BSP/Components/lsm6dsv/lsm6dsv.c:1317:9:LSM6DSV_GYRO_Get_DRDY_Status	24	static
../Drivers/BSP/Components/lsm6dsv/lsm6dsv.c:1337:9:LSM6DSV_Set_Mem_Bank	24	static
../Drivers/BSP/Components/lsm6dsv/lsm6dsv.c:1368:16:LSM6DSV_ACC_SetOutputDataRate_When_Enabled	24	static
../Drivers/BSP/Components/lsm6dsv/lsm6dsv.c:1400:16:LSM6DSV_ACC_SetOutputDataRate_When_Disabled	16	static
../Drivers/BSP/Components/lsm6dsv/lsm6dsv.c:1424:16:LSM6DSV_GYRO_SetOutputDataRate_When_Enabled	24	static
../Drivers/BSP/Components/lsm6dsv/lsm6dsv.c:1455:16:LSM6DSV_GYRO_SetOutputDataRate_When_Disabled	16	static
../Drivers/BSP/Components/lsm6dsv/lsm6dsv.c:1480:16:ReadRegWrap	40	static
../Drivers/BSP/Components/lsm6dsv/lsm6dsv.c:1495:16:WriteRegWrap	40	static
../Drivers/BSP/Components/lsm6dsv/lsm6dsv.c:1509:9:LSM6DSV_ACC_Set_Power_Mode	24	static
../Drivers/BSP/Components/lsm6dsv/lsm6dsv.c:1534:9:LSM6DSV_GYRO_Set_Power_Mode	24	static
../Drivers/BSP/Components/lsm6dsv/lsm6dsv.c:1558:9:LSM6DSV_ACC_Set_Filter_Mode	24	static
../Drivers/BSP/Components/lsm6dsv/lsm6dsv.c:1607:9:LSM6DSV_GYRO_Set_Filter_Mode	24	static
