../Drivers/BSP/Components/lsm6dsv/lsm6dsv_reg.c:48:16:lsm6dsv_read_reg	40	static
../Drivers/BSP/Components/lsm6dsv/lsm6dsv_reg.c:74:16:lsm6dsv_write_reg	40	static
../Drivers/BSP/Components/lsm6dsv/lsm6dsv_reg.c:102:13:bytecpy	16	static
../Drivers/BSP/Components/lsm6dsv/lsm6dsv_reg.c:121:9:lsm6dsv_from_sflp_to_mg	16	static
../Drivers/BSP/Components/lsm6dsv/lsm6dsv_reg.c:126:9:lsm6dsv_from_fs2_to_mg	16	static
../Drivers/BSP/Components/lsm6dsv/lsm6dsv_reg.c:131:9:lsm6dsv_from_fs4_to_mg	16	static
../Drivers/BSP/Components/lsm6dsv/lsm6dsv_reg.c:136:9:lsm6dsv_from_fs8_to_mg	16	static
../Drivers/BSP/Components/lsm6dsv/lsm6dsv_reg.c:141:9:lsm6dsv_from_fs16_to_mg	16	static
../Drivers/BSP/Components/lsm6dsv/lsm6dsv_reg.c:146:9:lsm6dsv_from_fs125_to_mdps	16	static
../Drivers/BSP/Components/lsm6dsv/lsm6dsv_reg.c:151:9:lsm6dsv_from_fs250_to_mdps	16	static
../Drivers/BSP/Components/lsm6dsv/lsm6dsv_reg.c:156:9:lsm6dsv_from_fs500_to_mdps	16	static
../Drivers/BSP/Components/lsm6dsv/lsm6dsv_reg.c:161:9:lsm6dsv_from_fs1000_to_mdps	16	static
../Drivers/BSP/Components/lsm6dsv/lsm6dsv_reg.c:166:9:lsm6dsv_from_fs2000_to_mdps	16	static
../Drivers/BSP/Components/lsm6dsv/lsm6dsv_reg.c:171:9:lsm6dsv_from_fs4000_to_mdps	16	static
../Drivers/BSP/Components/lsm6dsv/lsm6dsv_reg.c:176:9:lsm6dsv_from_lsb_to_celsius	16	static
../Drivers/BSP/Components/lsm6dsv/lsm6dsv_reg.c:181:9:lsm6dsv_from_lsb_to_nsec	16	static
../Drivers/BSP/Components/lsm6dsv/lsm6dsv_reg.c:194:17:ToFloatBits	32	static
../Drivers/BSP/Components/lsm6dsv/lsm6dsv_reg.c:235:10:lsm6dsv_from_f16_to_f32	16	static
../Drivers/BSP/Components/lsm6dsv/lsm6dsv_reg.c:261:9:lsm6dsv_xl_offset_on_out_set	24	static
../Drivers/BSP/Components/lsm6dsv/lsm6dsv_reg.c:284:9:lsm6dsv_xl_offset_on_out_get	24	static
../Drivers/BSP/Components/lsm6dsv/lsm6dsv_reg.c:303:9:lsm6dsv_xl_offset_mg_set	56	static
../Drivers/BSP/Components/lsm6dsv/lsm6dsv_reg.c:376:9:lsm6dsv_xl_offset_mg_get	40	static
../Drivers/BSP/Components/lsm6dsv/lsm6dsv_reg.c:423:9:lsm6dsv_reset_set	32	static
../Drivers/BSP/Components/lsm6dsv/lsm6dsv_reg.c:454:9:lsm6dsv_reset_get	32	static
../Drivers/BSP/Components/lsm6dsv/lsm6dsv_reg.c:501:9:lsm6dsv_mem_bank_set	24	static
../Drivers/BSP/Components/lsm6dsv/lsm6dsv_reg.c:527:9:lsm6dsv_mem_bank_get	24	static
../Drivers/BSP/Components/lsm6dsv/lsm6dsv_reg.c:569:9:lsm6dsv_device_id_get	24	static
../Drivers/BSP/Components/lsm6dsv/lsm6dsv_reg.c:586:9:lsm6dsv_xl_data_rate_set	32	static
../Drivers/BSP/Components/lsm6dsv/lsm6dsv_reg.c:626:9:lsm6dsv_xl_data_rate_get	32	static
../Drivers/BSP/Components/lsm6dsv/lsm6dsv_reg.c:833:9:lsm6dsv_xl_mode_set	24	static
../Drivers/BSP/Components/lsm6dsv/lsm6dsv_reg.c:857:9:lsm6dsv_xl_mode_get	24	static
../Drivers/BSP/Components/lsm6dsv/lsm6dsv_reg.c:914:9:lsm6dsv_gy_data_rate_set	32	static
../Drivers/BSP/Components/lsm6dsv/lsm6dsv_reg.c:950:9:lsm6dsv_gy_data_rate_get	32	static
../Drivers/BSP/Components/lsm6dsv/lsm6dsv_reg.c:1157:9:lsm6dsv_gy_mode_set	24	static
../Drivers/BSP/Components/lsm6dsv/lsm6dsv_reg.c:1180:9:lsm6dsv_gy_mode_get	24	static
../Drivers/BSP/Components/lsm6dsv/lsm6dsv_reg.c:1225:9:lsm6dsv_auto_increment_set	24	static
../Drivers/BSP/Components/lsm6dsv/lsm6dsv_reg.c:1248:9:lsm6dsv_auto_increment_get	24	static
../Drivers/BSP/Components/lsm6dsv/lsm6dsv_reg.c:1267:9:lsm6dsv_block_data_update_set	24	static
../Drivers/BSP/Components/lsm6dsv/lsm6dsv_reg.c:1291:9:lsm6dsv_block_data_update_get	24	static
../Drivers/BSP/Components/lsm6dsv/lsm6dsv_reg.c:1310:9:lsm6dsv_odr_trig_cfg_set	24	static
../Drivers/BSP/Components/lsm6dsv/lsm6dsv_reg.c:1339:9:lsm6dsv_odr_trig_cfg_get	24	static
../Drivers/BSP/Components/lsm6dsv/lsm6dsv_reg.c:1358:9:lsm6dsv_data_ready_mode_set	24	static
../Drivers/BSP/Components/lsm6dsv/lsm6dsv_reg.c:1383:9:lsm6dsv_data_ready_mode_get	24	static
../Drivers/BSP/Components/lsm6dsv/lsm6dsv_reg.c:1417:9:lsm6dsv_interrupt_enable_set	32	static
../Drivers/BSP/Components/lsm6dsv/lsm6dsv_reg.c:1447:9:lsm6dsv_interrupt_enable_get	32	static
../Drivers/BSP/Components/lsm6dsv/lsm6dsv_reg.c:1475:9:lsm6dsv_gy_full_scale_set	24	static
../Drivers/BSP/Components/lsm6dsv/lsm6dsv_reg.c:1500:9:lsm6dsv_gy_full_scale_get	24	static
../Drivers/BSP/Components/lsm6dsv/lsm6dsv_reg.c:1554:9:lsm6dsv_xl_full_scale_set	24	static
../Drivers/BSP/Components/lsm6dsv/lsm6dsv_reg.c:1579:9:lsm6dsv_xl_full_scale_get	24	static
../Drivers/BSP/Components/lsm6dsv/lsm6dsv_reg.c:1625:9:lsm6dsv_xl_dual_channel_set	24	static
../Drivers/BSP/Components/lsm6dsv/lsm6dsv_reg.c:1649:9:lsm6dsv_xl_dual_channel_get	24	static
../Drivers/BSP/Components/lsm6dsv/lsm6dsv_reg.c:1668:9:lsm6dsv_xl_self_test_set	24	static
../Drivers/BSP/Components/lsm6dsv/lsm6dsv_reg.c:1693:9:lsm6dsv_xl_self_test_get	24	static
../Drivers/BSP/Components/lsm6dsv/lsm6dsv_reg.c:1735:9:lsm6dsv_gy_self_test_set	24	static
../Drivers/BSP/Components/lsm6dsv/lsm6dsv_reg.c:1760:9:lsm6dsv_gy_self_test_get	24	static
../Drivers/BSP/Components/lsm6dsv/lsm6dsv_reg.c:1802:9:lsm6dsv_ois_xl_self_test_set	24	static
../Drivers/BSP/Components/lsm6dsv/lsm6dsv_reg.c:1827:9:lsm6dsv_ois_xl_self_test_get	24	static
../Drivers/BSP/Components/lsm6dsv/lsm6dsv_reg.c:1869:9:lsm6dsv_ois_gy_self_test_set	24	static
../Drivers/BSP/Components/lsm6dsv/lsm6dsv_reg.c:1895:9:lsm6dsv_ois_gy_self_test_get	24	static
../Drivers/BSP/Components/lsm6dsv/lsm6dsv_reg.c:1947:9:lsm6dsv_pin_int1_route_set	32	static
../Drivers/BSP/Components/lsm6dsv/lsm6dsv_reg.c:2007:9:lsm6dsv_pin_int1_route_get	32	static
../Drivers/BSP/Components/lsm6dsv/lsm6dsv_reg.c:2053:9:lsm6dsv_pin_int2_route_set	32	static
../Drivers/BSP/Components/lsm6dsv/lsm6dsv_reg.c:2118:9:lsm6dsv_pin_int2_route_get	32	static
../Drivers/BSP/Components/lsm6dsv/lsm6dsv_reg.c:2175:9:lsm6dsv_emb_pin_int1_route_set	32	static
../Drivers/BSP/Components/lsm6dsv/lsm6dsv_reg.c:2217:9:lsm6dsv_emb_pin_int1_route_get	24	static
../Drivers/BSP/Components/lsm6dsv/lsm6dsv_reg.c:2249:9:lsm6dsv_emb_pin_int2_route_set	32	static
../Drivers/BSP/Components/lsm6dsv/lsm6dsv_reg.c:2291:9:lsm6dsv_emb_pin_int2_route_get	24	static
../Drivers/BSP/Components/lsm6dsv/lsm6dsv_reg.c:2323:9:lsm6dsv_embedded_int_cfg_set	24	static
../Drivers/BSP/Components/lsm6dsv/lsm6dsv_reg.c:2361:9:lsm6dsv_embedded_int_cfg_get	24	static
../Drivers/BSP/Components/lsm6dsv/lsm6dsv_reg.c:2395:9:lsm6dsv_embedded_status_get	32	static
../Drivers/BSP/Components/lsm6dsv/lsm6dsv_reg.c:2443:9:lsm6dsv_all_sources_get	80	static
../Drivers/BSP/Components/lsm6dsv/lsm6dsv_reg.c:2587:9:lsm6dsv_flag_data_ready_get	24	static
../Drivers/BSP/Components/lsm6dsv/lsm6dsv_reg.c:2614:9:lsm6dsv_int_ack_mask_set	24	static
../Drivers/BSP/Components/lsm6dsv/lsm6dsv_reg.c:2631:9:lsm6dsv_int_ack_mask_get	24	static
../Drivers/BSP/Components/lsm6dsv/lsm6dsv_reg.c:2648:9:lsm6dsv_temperature_raw_get	24	static
../Drivers/BSP/Components/lsm6dsv/lsm6dsv_reg.c:2673:9:lsm6dsv_angular_rate_raw_get	32	static
../Drivers/BSP/Components/lsm6dsv/lsm6dsv_reg.c:2702:9:lsm6dsv_ois_angular_rate_raw_get	32	static
../Drivers/BSP/Components/lsm6dsv/lsm6dsv_reg.c:2731:9:lsm6dsv_ois_eis_angular_rate_raw_get	32	static
../Drivers/BSP/Components/lsm6dsv/lsm6dsv_reg.c:2760:9:lsm6dsv_acceleration_raw_get	32	static
../Drivers/BSP/Components/lsm6dsv/lsm6dsv_reg.c:2789:9:lsm6dsv_dual_acceleration_raw_get	32	static
../Drivers/BSP/Components/lsm6dsv/lsm6dsv_reg.c:2818:9:lsm6dsv_odr_cal_reg_get	24	static
../Drivers/BSP/Components/lsm6dsv/lsm6dsv_reg.c:2837:9:lsm6dsv_ln_pg_write	48	static
../Drivers/BSP/Components/lsm6dsv/lsm6dsv_reg.c:2951:9:lsm6dsv_ln_pg_read	48	static
../Drivers/BSP/Components/lsm6dsv/lsm6dsv_reg.c:3058:9:lsm6dsv_emb_function_dbg_set	24	static
../Drivers/BSP/Components/lsm6dsv/lsm6dsv_reg.c:3082:9:lsm6dsv_emb_function_dbg_get	24	static
../Drivers/BSP/Components/lsm6dsv/lsm6dsv_reg.c:3119:9:lsm6dsv_den_polarity_set	24	static
../Drivers/BSP/Components/lsm6dsv/lsm6dsv_reg.c:3144:9:lsm6dsv_den_polarity_get	24	static
../Drivers/BSP/Components/lsm6dsv/lsm6dsv_reg.c:3182:9:lsm6dsv_den_conf_set	24	static
../Drivers/BSP/Components/lsm6dsv/lsm6dsv_reg.c:3240:9:lsm6dsv_den_conf_get	24	static
../Drivers/BSP/Components/lsm6dsv/lsm6dsv_reg.c:3317:9:lsm6dsv_eis_gy_full_scale_set	24	static
../Drivers/BSP/Components/lsm6dsv/lsm6dsv_reg.c:3342:9:lsm6dsv_eis_gy_full_scale_get	24	static
../Drivers/BSP/Components/lsm6dsv/lsm6dsv_reg.c:3391:9:lsm6dsv_eis_gy_on_spi2_set	24	static
../Drivers/BSP/Components/lsm6dsv/lsm6dsv_reg.c:3415:9:lsm6dsv_eis_gy_on_spi2_get	24	static
../Drivers/BSP/Components/lsm6dsv/lsm6dsv_reg.c:3434:9:lsm6dsv_gy_eis_data_rate_set	24	static
../Drivers/BSP/Components/lsm6dsv/lsm6dsv_reg.c:3459:9:lsm6dsv_gy_eis_data_rate_get	24	static
../Drivers/BSP/Components/lsm6dsv/lsm6dsv_reg.c:3513:9:lsm6dsv_fifo_watermark_set	24	static
../Drivers/BSP/Components/lsm6dsv/lsm6dsv_reg.c:3532:9:lsm6dsv_fifo_watermark_get	24	static
../Drivers/BSP/Components/lsm6dsv/lsm6dsv_reg.c:3551:9:lsm6dsv_fifo_xl_dual_fsm_batch_set	24	static
../Drivers/BSP/Components/lsm6dsv/lsm6dsv_reg.c:3574:9:lsm6dsv_fifo_xl_dual_fsm_batch_get	24	static
../Drivers/BSP/Components/lsm6dsv/lsm6dsv_reg.c:3593:9:lsm6dsv_fifo_compress_algo_set	24	static
../Drivers/BSP/Components/lsm6dsv/lsm6dsv_reg.c:3617:9:lsm6dsv_fifo_compress_algo_get	24	static
../Drivers/BSP/Components/lsm6dsv/lsm6dsv_reg.c:3662:9:lsm6dsv_fifo_virtual_sens_odr_chg_set	24	static
../Drivers/BSP/Components/lsm6dsv/lsm6dsv_reg.c:3685:9:lsm6dsv_fifo_virtual_sens_odr_chg_get	24	static
../Drivers/BSP/Components/lsm6dsv/lsm6dsv_reg.c:3705:9:lsm6dsv_fifo_compress_algo_real_time_set	32	static
../Drivers/BSP/Components/lsm6dsv/lsm6dsv_reg.c:3743:9:lsm6dsv_fifo_compress_algo_real_time_get	24	static
../Drivers/BSP/Components/lsm6dsv/lsm6dsv_reg.c:3764:9:lsm6dsv_fifo_stop_on_wtm_set	24	static
../Drivers/BSP/Components/lsm6dsv/lsm6dsv_reg.c:3787:9:lsm6dsv_fifo_stop_on_wtm_get	24	static
../Drivers/BSP/Components/lsm6dsv/lsm6dsv_reg.c:3806:9:lsm6dsv_fifo_xl_batch_set	24	static
../Drivers/BSP/Components/lsm6dsv/lsm6dsv_reg.c:3830:9:lsm6dsv_fifo_xl_batch_get	24	static
../Drivers/BSP/Components/lsm6dsv/lsm6dsv_reg.c:3912:9:lsm6dsv_fifo_gy_batch_set	24	static
../Drivers/BSP/Components/lsm6dsv/lsm6dsv_reg.c:3936:9:lsm6dsv_fifo_gy_batch_get	24	static
../Drivers/BSP/Components/lsm6dsv/lsm6dsv_reg.c:4018:9:lsm6dsv_fifo_mode_set	24	static
../Drivers/BSP/Components/lsm6dsv/lsm6dsv_reg.c:4041:9:lsm6dsv_fifo_mode_get	24	static
../Drivers/BSP/Components/lsm6dsv/lsm6dsv_reg.c:4097:9:lsm6dsv_fifo_gy_eis_batch_set	24	static
../Drivers/BSP/Components/lsm6dsv/lsm6dsv_reg.c:4120:9:lsm6dsv_fifo_gy_eis_batch_get	24	static
../Drivers/BSP/Components/lsm6dsv/lsm6dsv_reg.c:4139:9:lsm6dsv_fifo_temp_batch_set	24	static
../Drivers/BSP/Components/lsm6dsv/lsm6dsv_reg.c:4163:9:lsm6dsv_fifo_temp_batch_get	24	static
../Drivers/BSP/Components/lsm6dsv/lsm6dsv_reg.c:4208:9:lsm6dsv_fifo_timestamp_batch_set	24	static
../Drivers/BSP/Components/lsm6dsv/lsm6dsv_reg.c:4232:9:lsm6dsv_fifo_timestamp_batch_get	24	static
../Drivers/BSP/Components/lsm6dsv/lsm6dsv_reg.c:4278:9:lsm6dsv_fifo_batch_counter_threshold_set	32	static
../Drivers/BSP/Components/lsm6dsv/lsm6dsv_reg.c:4306:9:lsm6dsv_fifo_batch_counter_threshold_get	24	static
../Drivers/BSP/Components/lsm6dsv/lsm6dsv_reg.c:4332:9:lsm6dsv_fifo_batch_cnt_event_set	24	static
../Drivers/BSP/Components/lsm6dsv/lsm6dsv_reg.c:4356:9:lsm6dsv_fifo_batch_cnt_event_get	24	static
../Drivers/BSP/Components/lsm6dsv/lsm6dsv_reg.c:4390:9:lsm6dsv_fifo_status_get	32	static
../Drivers/BSP/Components/lsm6dsv/lsm6dsv_reg.c:4425:9:lsm6dsv_fifo_out_raw_get	32	static
../Drivers/BSP/Components/lsm6dsv/lsm6dsv_reg.c:4567:9:lsm6dsv_fifo_stpcnt_batch_set	24	static
../Drivers/BSP/Components/lsm6dsv/lsm6dsv_reg.c:4595:9:lsm6dsv_fifo_stpcnt_batch_get	24	static
../Drivers/BSP/Components/lsm6dsv/lsm6dsv_reg.c:4622:9:lsm6dsv_fifo_sh_batch_slave_set	24	static
../Drivers/BSP/Components/lsm6dsv/lsm6dsv_reg.c:4650:9:lsm6dsv_fifo_sh_batch_slave_get	32	static
../Drivers/BSP/Components/lsm6dsv/lsm6dsv_reg.c:4677:9:lsm6dsv_fifo_sflp_batch_set	24	static
../Drivers/BSP/Components/lsm6dsv/lsm6dsv_reg.c:4707:9:lsm6dsv_fifo_sflp_batch_get	24	static
../Drivers/BSP/Components/lsm6dsv/lsm6dsv_reg.c:4749:9:lsm6dsv_filt_anti_spike_set	24	static
../Drivers/BSP/Components/lsm6dsv/lsm6dsv_reg.c:4774:9:lsm6dsv_filt_anti_spike_get	24	static
../Drivers/BSP/Components/lsm6dsv/lsm6dsv_reg.c:4812:9:lsm6dsv_filt_settling_mask_set	32	static
../Drivers/BSP/Components/lsm6dsv/lsm6dsv_reg.c:4852:9:lsm6dsv_filt_settling_mask_get	32	static
../Drivers/BSP/Components/lsm6dsv/lsm6dsv_reg.c:4879:9:lsm6dsv_filt_ois_settling_mask_set	24	static
../Drivers/BSP/Components/lsm6dsv/lsm6dsv_reg.c:4904:9:lsm6dsv_filt_ois_settling_mask_get	24	static
../Drivers/BSP/Components/lsm6dsv/lsm6dsv_reg.c:4925:9:lsm6dsv_filt_gy_lp1_bandwidth_set	24	static
../Drivers/BSP/Components/lsm6dsv/lsm6dsv_reg.c:4949:9:lsm6dsv_filt_gy_lp1_bandwidth_get	24	static
../Drivers/BSP/Components/lsm6dsv/lsm6dsv_reg.c:5011:9:lsm6dsv_filt_gy_lp1_set	24	static
../Drivers/BSP/Components/lsm6dsv/lsm6dsv_reg.c:5035:9:lsm6dsv_filt_gy_lp1_get	24	static
../Drivers/BSP/Components/lsm6dsv/lsm6dsv_reg.c:5054:9:lsm6dsv_filt_xl_lp2_bandwidth_set	24	static
../Drivers/BSP/Components/lsm6dsv/lsm6dsv_reg.c:5078:9:lsm6dsv_filt_xl_lp2_bandwidth_get	24	static
../Drivers/BSP/Components/lsm6dsv/lsm6dsv_reg.c:5140:9:lsm6dsv_filt_xl_lp2_set	24	static
../Drivers/BSP/Components/lsm6dsv/lsm6dsv_reg.c:5163:9:lsm6dsv_filt_xl_lp2_get	24	static
../Drivers/BSP/Components/lsm6dsv/lsm6dsv_reg.c:5182:9:lsm6dsv_filt_xl_hp_set	24	static
../Drivers/BSP/Components/lsm6dsv/lsm6dsv_reg.c:5205:9:lsm6dsv_filt_xl_hp_get	24	static
../Drivers/BSP/Components/lsm6dsv/lsm6dsv_reg.c:5224:9:lsm6dsv_filt_xl_fast_settling_set	24	static
../Drivers/BSP/Components/lsm6dsv/lsm6dsv_reg.c:5247:9:lsm6dsv_filt_xl_fast_settling_get	24	static
../Drivers/BSP/Components/lsm6dsv/lsm6dsv_reg.c:5266:9:lsm6dsv_filt_xl_hp_mode_set	24	static
../Drivers/BSP/Components/lsm6dsv/lsm6dsv_reg.c:5290:9:lsm6dsv_filt_xl_hp_mode_get	24	static
../Drivers/BSP/Components/lsm6dsv/lsm6dsv_reg.c:5328:9:lsm6dsv_filt_wkup_act_feed_set	32	static
../Drivers/BSP/Components/lsm6dsv/lsm6dsv_reg.c:5363:9:lsm6dsv_filt_wkup_act_feed_get	32	static
../Drivers/BSP/Components/lsm6dsv/lsm6dsv_reg.c:5407:9:lsm6dsv_mask_trigger_xl_settl_set	24	static
../Drivers/BSP/Components/lsm6dsv/lsm6dsv_reg.c:5431:9:lsm6dsv_mask_trigger_xl_settl_get	24	static
../Drivers/BSP/Components/lsm6dsv/lsm6dsv_reg.c:5450:9:lsm6dsv_filt_sixd_feed_set	24	static
../Drivers/BSP/Components/lsm6dsv/lsm6dsv_reg.c:5475:9:lsm6dsv_filt_sixd_feed_get	24	static
../Drivers/BSP/Components/lsm6dsv/lsm6dsv_reg.c:5513:9:lsm6dsv_filt_gy_eis_lp_bandwidth_set	24	static
../Drivers/BSP/Components/lsm6dsv/lsm6dsv_reg.c:5538:9:lsm6dsv_filt_gy_eis_lp_bandwidth_get	24	static
../Drivers/BSP/Components/lsm6dsv/lsm6dsv_reg.c:5576:9:lsm6dsv_filt_gy_ois_lp_bandwidth_set	24	static
../Drivers/BSP/Components/lsm6dsv/lsm6dsv_reg.c:5601:9:lsm6dsv_filt_gy_ois_lp_bandwidth_get	24	static
../Drivers/BSP/Components/lsm6dsv/lsm6dsv_reg.c:5648:9:lsm6dsv_filt_xl_ois_lp_bandwidth_set	24	static
../Drivers/BSP/Components/lsm6dsv/lsm6dsv_reg.c:5673:9:lsm6dsv_filt_xl_ois_lp_bandwidth_get	24	static
../Drivers/BSP/Components/lsm6dsv/lsm6dsv_reg.c:5748:9:lsm6dsv_fsm_permission_set	24	static
../Drivers/BSP/Components/lsm6dsv/lsm6dsv_reg.c:5773:9:lsm6dsv_fsm_permission_get	24	static
../Drivers/BSP/Components/lsm6dsv/lsm6dsv_reg.c:5811:9:lsm6dsv_fsm_permission_status	24	static
../Drivers/BSP/Components/lsm6dsv/lsm6dsv_reg.c:5831:9:lsm6dsv_fsm_mode_set	32	static
../Drivers/BSP/Components/lsm6dsv/lsm6dsv_reg.c:5886:9:lsm6dsv_fsm_mode_get	24	static
../Drivers/BSP/Components/lsm6dsv/lsm6dsv_reg.c:5919:9:lsm6dsv_fsm_long_cnt_set	24	static
../Drivers/BSP/Components/lsm6dsv/lsm6dsv_reg.c:5942:9:lsm6dsv_fsm_long_cnt_get	24	static
../Drivers/BSP/Components/lsm6dsv/lsm6dsv_reg.c:5969:9:lsm6dsv_fsm_out_get	24	static
../Drivers/BSP/Components/lsm6dsv/lsm6dsv_reg.c:5988:9:lsm6dsv_fsm_data_rate_set	24	static
../Drivers/BSP/Components/lsm6dsv/lsm6dsv_reg.c:6018:9:lsm6dsv_fsm_data_rate_get	24	static
../Drivers/BSP/Components/lsm6dsv/lsm6dsv_reg.c:6085:17:npy_floatbits_to_halfbits	32	static
../Drivers/BSP/Components/lsm6dsv/lsm6dsv_reg.c:6223:17:npy_float_to_half	24	static
../Drivers/BSP/Components/lsm6dsv/lsm6dsv_reg.c:6244:9:lsm6dsv_sflp_game_gbias_set	80	static
../Drivers/BSP/Components/lsm6dsv/lsm6dsv_reg.c:6406:9:lsm6dsv_fsm_ext_sens_sensitivity_set	24	static
../Drivers/BSP/Components/lsm6dsv/lsm6dsv_reg.c:6426:9:lsm6dsv_fsm_ext_sens_sensitivity_get	24	static
../Drivers/BSP/Components/lsm6dsv/lsm6dsv_reg.c:6452:9:lsm6dsv_fsm_ext_sens_offset_set	40	static
../Drivers/BSP/Components/lsm6dsv/lsm6dsv_reg.c:6477:9:lsm6dsv_fsm_ext_sens_offset_get	32	static
../Drivers/BSP/Components/lsm6dsv/lsm6dsv_reg.c:6507:9:lsm6dsv_fsm_ext_sens_matrix_set	40	static
../Drivers/BSP/Components/lsm6dsv/lsm6dsv_reg.c:6538:9:lsm6dsv_fsm_ext_sens_matrix_get	32	static
../Drivers/BSP/Components/lsm6dsv/lsm6dsv_reg.c:6574:9:lsm6dsv_fsm_ext_sens_z_orient_set	24	static
../Drivers/BSP/Components/lsm6dsv/lsm6dsv_reg.c:6595:9:lsm6dsv_fsm_ext_sens_z_orient_get	24	static
../Drivers/BSP/Components/lsm6dsv/lsm6dsv_reg.c:6649:9:lsm6dsv_fsm_ext_sens_y_orient_set	24	static
../Drivers/BSP/Components/lsm6dsv/lsm6dsv_reg.c:6673:9:lsm6dsv_fsm_ext_sens_y_orient_get	24	static
../Drivers/BSP/Components/lsm6dsv/lsm6dsv_reg.c:6727:9:lsm6dsv_fsm_ext_sens_x_orient_set	24	static
../Drivers/BSP/Components/lsm6dsv/lsm6dsv_reg.c:6751:9:lsm6dsv_fsm_ext_sens_x_orient_get	24	static
../Drivers/BSP/Components/lsm6dsv/lsm6dsv_reg.c:6805:9:lsm6dsv_fsm_long_cnt_timeout_set	24	static
../Drivers/BSP/Components/lsm6dsv/lsm6dsv_reg.c:6826:9:lsm6dsv_fsm_long_cnt_timeout_get	24	static
../Drivers/BSP/Components/lsm6dsv/lsm6dsv_reg.c:6851:9:lsm6dsv_fsm_number_of_programs_set	24	static
../Drivers/BSP/Components/lsm6dsv/lsm6dsv_reg.c:6876:9:lsm6dsv_fsm_number_of_programs_get	24	static
../Drivers/BSP/Components/lsm6dsv/lsm6dsv_reg.c:6896:9:lsm6dsv_fsm_start_address_set	24	static
../Drivers/BSP/Components/lsm6dsv/lsm6dsv_reg.c:6917:9:lsm6dsv_fsm_start_address_get	24	static
../Drivers/BSP/Components/lsm6dsv/lsm6dsv_reg.c:6955:9:lsm6dsv_ff_time_windows_set	32	static
../Drivers/BSP/Components/lsm6dsv/lsm6dsv_reg.c:6984:9:lsm6dsv_ff_time_windows_get	32	static
../Drivers/BSP/Components/lsm6dsv/lsm6dsv_reg.c:7006:9:lsm6dsv_ff_thresholds_set	24	static
../Drivers/BSP/Components/lsm6dsv/lsm6dsv_reg.c:7030:9:lsm6dsv_ff_thresholds_get	24	static
../Drivers/BSP/Components/lsm6dsv/lsm6dsv_reg.c:7105:9:lsm6dsv_ois_ctrl_mode_set	24	static
../Drivers/BSP/Components/lsm6dsv/lsm6dsv_reg.c:7129:9:lsm6dsv_ois_ctrl_mode_get	24	static
../Drivers/BSP/Components/lsm6dsv/lsm6dsv_reg.c:7167:9:lsm6dsv_ois_reset_set	24	static
../Drivers/BSP/Components/lsm6dsv/lsm6dsv_reg.c:7190:9:lsm6dsv_ois_reset_get	24	static
../Drivers/BSP/Components/lsm6dsv/lsm6dsv_reg.c:7209:9:lsm6dsv_ois_interface_pull_up_set	24	static
../Drivers/BSP/Components/lsm6dsv/lsm6dsv_reg.c:7232:9:lsm6dsv_ois_interface_pull_up_get	24	static
../Drivers/BSP/Components/lsm6dsv/lsm6dsv_reg.c:7251:9:lsm6dsv_ois_handshake_from_ui_set	24	static
../Drivers/BSP/Components/lsm6dsv/lsm6dsv_reg.c:7276:9:lsm6dsv_ois_handshake_from_ui_get	24	static
../Drivers/BSP/Components/lsm6dsv/lsm6dsv_reg.c:7302:9:lsm6dsv_ois_handshake_from_ois_set	24	static
../Drivers/BSP/Components/lsm6dsv/lsm6dsv_reg.c:7327:9:lsm6dsv_ois_handshake_from_ois_get	24	static
../Drivers/BSP/Components/lsm6dsv/lsm6dsv_reg.c:7353:9:lsm6dsv_ois_shared_set	24	static
../Drivers/BSP/Components/lsm6dsv/lsm6dsv_reg.c:7370:9:lsm6dsv_ois_shared_get	24	static
../Drivers/BSP/Components/lsm6dsv/lsm6dsv_reg.c:7387:9:lsm6dsv_ois_on_spi2_set	24	static
../Drivers/BSP/Components/lsm6dsv/lsm6dsv_reg.c:7410:9:lsm6dsv_ois_on_spi2_get	24	static
../Drivers/BSP/Components/lsm6dsv/lsm6dsv_reg.c:7429:9:lsm6dsv_ois_chain_set	24	static
../Drivers/BSP/Components/lsm6dsv/lsm6dsv_reg.c:7453:9:lsm6dsv_ois_chain_get	24	static
../Drivers/BSP/Components/lsm6dsv/lsm6dsv_reg.c:7478:9:lsm6dsv_ois_gy_full_scale_set	24	static
../Drivers/BSP/Components/lsm6dsv/lsm6dsv_reg.c:7502:9:lsm6dsv_ois_gy_full_scale_get	24	static
../Drivers/BSP/Components/lsm6dsv/lsm6dsv_reg.c:7552:9:lsm6dsv_ois_xl_full_scale_set	24	static
../Drivers/BSP/Components/lsm6dsv/lsm6dsv_reg.c:7576:9:lsm6dsv_ois_xl_full_scale_get	24	static
../Drivers/BSP/Components/lsm6dsv/lsm6dsv_reg.c:7635:9:lsm6dsv_6d_threshold_set	24	static
../Drivers/BSP/Components/lsm6dsv/lsm6dsv_reg.c:7659:9:lsm6dsv_6d_threshold_get	24	static
../Drivers/BSP/Components/lsm6dsv/lsm6dsv_reg.c:7705:9:lsm6dsv_4d_mode_set	24	static
../Drivers/BSP/Components/lsm6dsv/lsm6dsv_reg.c:7728:9:lsm6dsv_4d_mode_get	24	static
../Drivers/BSP/Components/lsm6dsv/lsm6dsv_reg.c:7760:9:lsm6dsv_i3c_reset_mode_set	24	static
../Drivers/BSP/Components/lsm6dsv/lsm6dsv_reg.c:7784:9:lsm6dsv_i3c_reset_mode_get	24	static
../Drivers/BSP/Components/lsm6dsv/lsm6dsv_reg.c:7822:9:lsm6dsv_i3c_int_en_set	24	static
../Drivers/BSP/Components/lsm6dsv/lsm6dsv_reg.c:7845:9:lsm6dsv_i3c_int_en_get	24	static
../Drivers/BSP/Components/lsm6dsv/lsm6dsv_reg.c:7864:9:lsm6dsv_i3c_ibi_time_set	24	static
../Drivers/BSP/Components/lsm6dsv/lsm6dsv_reg.c:7888:9:lsm6dsv_i3c_ibi_time_get	24	static
../Drivers/BSP/Components/lsm6dsv/lsm6dsv_reg.c:7947:9:lsm6dsv_sh_master_interface_pull_up_set	24	static
../Drivers/BSP/Components/lsm6dsv/lsm6dsv_reg.c:7971:9:lsm6dsv_sh_master_interface_pull_up_get	24	static
../Drivers/BSP/Components/lsm6dsv/lsm6dsv_reg.c:7991:9:lsm6dsv_sh_read_data_raw_get	32	static
../Drivers/BSP/Components/lsm6dsv/lsm6dsv_reg.c:8011:9:lsm6dsv_sh_slave_connected_set	24	static
../Drivers/BSP/Components/lsm6dsv/lsm6dsv_reg.c:8041:9:lsm6dsv_sh_slave_connected_get	24	static
../Drivers/BSP/Components/lsm6dsv/lsm6dsv_reg.c:8089:9:lsm6dsv_sh_master_set	24	static
../Drivers/BSP/Components/lsm6dsv/lsm6dsv_reg.c:8118:9:lsm6dsv_sh_master_get	24	static
../Drivers/BSP/Components/lsm6dsv/lsm6dsv_reg.c:8141:9:lsm6dsv_sh_pass_through_set	24	static
../Drivers/BSP/Components/lsm6dsv/lsm6dsv_reg.c:8170:9:lsm6dsv_sh_pass_through_get	24	static
../Drivers/BSP/Components/lsm6dsv/lsm6dsv_reg.c:8193:9:lsm6dsv_sh_syncro_mode_set	24	static
../Drivers/BSP/Components/lsm6dsv/lsm6dsv_reg.c:8223:9:lsm6dsv_sh_syncro_mode_get	24	static
../Drivers/BSP/Components/lsm6dsv/lsm6dsv_reg.c:8263:9:lsm6dsv_sh_write_mode_set	24	static
../Drivers/BSP/Components/lsm6dsv/lsm6dsv_reg.c:8293:9:lsm6dsv_sh_write_mode_get	24	static
../Drivers/BSP/Components/lsm6dsv/lsm6dsv_reg.c:8333:9:lsm6dsv_sh_reset_set	24	static
../Drivers/BSP/Components/lsm6dsv/lsm6dsv_reg.c:8362:9:lsm6dsv_sh_reset_get	24	static
../Drivers/BSP/Components/lsm6dsv/lsm6dsv_reg.c:8388:9:lsm6dsv_sh_cfg_write	24	static
../Drivers/BSP/Components/lsm6dsv/lsm6dsv_reg.c:8432:9:lsm6dsv_sh_data_rate_set	24	static
../Drivers/BSP/Components/lsm6dsv/lsm6dsv_reg.c:8462:9:lsm6dsv_sh_data_rate_get	24	static
../Drivers/BSP/Components/lsm6dsv/lsm6dsv_reg.c:8521:9:lsm6dsv_sh_slv_cfg_read	40	static
../Drivers/BSP/Components/lsm6dsv/lsm6dsv_reg.c:8575:9:lsm6dsv_sh_status_get	24	static
../Drivers/BSP/Components/lsm6dsv/lsm6dsv_reg.c:8606:9:lsm6dsv_ui_sdo_pull_up_set	24	static
../Drivers/BSP/Components/lsm6dsv/lsm6dsv_reg.c:8629:9:lsm6dsv_ui_sdo_pull_up_get	24	static
../Drivers/BSP/Components/lsm6dsv/lsm6dsv_reg.c:8648:9:lsm6dsv_ui_i2c_i3c_mode_set	24	static
../Drivers/BSP/Components/lsm6dsv/lsm6dsv_reg.c:8672:9:lsm6dsv_ui_i2c_i3c_mode_get	24	static
../Drivers/BSP/Components/lsm6dsv/lsm6dsv_reg.c:8710:9:lsm6dsv_spi_mode_set	24	static
../Drivers/BSP/Components/lsm6dsv/lsm6dsv_reg.c:8733:9:lsm6dsv_spi_mode_get	24	static
../Drivers/BSP/Components/lsm6dsv/lsm6dsv_reg.c:8770:9:lsm6dsv_ui_sda_pull_up_set	24	static
../Drivers/BSP/Components/lsm6dsv/lsm6dsv_reg.c:8793:9:lsm6dsv_ui_sda_pull_up_get	24	static
../Drivers/BSP/Components/lsm6dsv/lsm6dsv_reg.c:8812:9:lsm6dsv_spi2_mode_set	24	static
../Drivers/BSP/Components/lsm6dsv/lsm6dsv_reg.c:8835:9:lsm6dsv_spi2_mode_get	24	static
../Drivers/BSP/Components/lsm6dsv/lsm6dsv_reg.c:8886:9:lsm6dsv_sigmot_mode_set	24	static
../Drivers/BSP/Components/lsm6dsv/lsm6dsv_reg.c:8914:9:lsm6dsv_sigmot_mode_get	24	static
../Drivers/BSP/Components/lsm6dsv/lsm6dsv_reg.c:8953:9:lsm6dsv_stpcnt_mode_set	24	static
../Drivers/BSP/Components/lsm6dsv/lsm6dsv_reg.c:8988:9:lsm6dsv_stpcnt_mode_get	24	static
../Drivers/BSP/Components/lsm6dsv/lsm6dsv_reg.c:9013:9:lsm6dsv_stpcnt_steps_get	24	static
../Drivers/BSP/Components/lsm6dsv/lsm6dsv_reg.c:9040:9:lsm6dsv_stpcnt_rst_step_set	24	static
../Drivers/BSP/Components/lsm6dsv/lsm6dsv_reg.c:9074:9:lsm6dsv_stpcnt_rst_step_get	24	static
../Drivers/BSP/Components/lsm6dsv/lsm6dsv_reg.c:9101:9:lsm6dsv_stpcnt_debounce_set	24	static
../Drivers/BSP/Components/lsm6dsv/lsm6dsv_reg.c:9126:9:lsm6dsv_stpcnt_debounce_get	24	static
../Drivers/BSP/Components/lsm6dsv/lsm6dsv_reg.c:9146:9:lsm6dsv_stpcnt_period_set	24	static
../Drivers/BSP/Components/lsm6dsv/lsm6dsv_reg.c:9167:9:lsm6dsv_stpcnt_period_get	24	static
../Drivers/BSP/Components/lsm6dsv/lsm6dsv_reg.c:9204:9:lsm6dsv_sflp_game_rotation_set	24	static
../Drivers/BSP/Components/lsm6dsv/lsm6dsv_reg.c:9239:9:lsm6dsv_sflp_game_rotation_get	24	static
../Drivers/BSP/Components/lsm6dsv/lsm6dsv_reg.c:9266:9:lsm6dsv_sflp_data_rate_set	24	static
../Drivers/BSP/Components/lsm6dsv/lsm6dsv_reg.c:9301:9:lsm6dsv_sflp_data_rate_get	24	static
../Drivers/BSP/Components/lsm6dsv/lsm6dsv_reg.c:9370:9:lsm6dsv_tap_detection_set	24	static
../Drivers/BSP/Components/lsm6dsv/lsm6dsv_reg.c:9396:9:lsm6dsv_tap_detection_get	24	static
../Drivers/BSP/Components/lsm6dsv/lsm6dsv_reg.c:9423:9:lsm6dsv_tap_thresholds_set	32	static
../Drivers/BSP/Components/lsm6dsv/lsm6dsv_reg.c:9458:9:lsm6dsv_tap_thresholds_get	32	static
../Drivers/BSP/Components/lsm6dsv/lsm6dsv_reg.c:9489:9:lsm6dsv_tap_axis_priority_set	24	static
../Drivers/BSP/Components/lsm6dsv/lsm6dsv_reg.c:9513:9:lsm6dsv_tap_axis_priority_get	24	static
../Drivers/BSP/Components/lsm6dsv/lsm6dsv_reg.c:9567:9:lsm6dsv_tap_time_windows_set	24	static
../Drivers/BSP/Components/lsm6dsv/lsm6dsv_reg.c:9593:9:lsm6dsv_tap_time_windows_get	24	static
../Drivers/BSP/Components/lsm6dsv/lsm6dsv_reg.c:9620:9:lsm6dsv_tap_mode_set	24	static
../Drivers/BSP/Components/lsm6dsv/lsm6dsv_reg.c:9643:9:lsm6dsv_tap_mode_get	24	static
../Drivers/BSP/Components/lsm6dsv/lsm6dsv_reg.c:9693:9:lsm6dsv_tilt_mode_set	24	static
../Drivers/BSP/Components/lsm6dsv/lsm6dsv_reg.c:9721:9:lsm6dsv_tilt_mode_get	24	static
../Drivers/BSP/Components/lsm6dsv/lsm6dsv_reg.c:9761:9:lsm6dsv_timestamp_raw_get	24	static
../Drivers/BSP/Components/lsm6dsv/lsm6dsv_reg.c:9788:9:lsm6dsv_timestamp_set	24	static
../Drivers/BSP/Components/lsm6dsv/lsm6dsv_reg.c:9811:9:lsm6dsv_timestamp_get	24	static
../Drivers/BSP/Components/lsm6dsv/lsm6dsv_reg.c:9843:9:lsm6dsv_act_mode_set	24	static
../Drivers/BSP/Components/lsm6dsv/lsm6dsv_reg.c:9866:9:lsm6dsv_act_mode_get	24	static
../Drivers/BSP/Components/lsm6dsv/lsm6dsv_reg.c:9911:9:lsm6dsv_act_from_sleep_to_act_dur_set	24	static
../Drivers/BSP/Components/lsm6dsv/lsm6dsv_reg.c:9935:9:lsm6dsv_act_from_sleep_to_act_dur_get	24	static
../Drivers/BSP/Components/lsm6dsv/lsm6dsv_reg.c:9981:9:lsm6dsv_act_sleep_xl_odr_set	24	static
../Drivers/BSP/Components/lsm6dsv/lsm6dsv_reg.c:10005:9:lsm6dsv_act_sleep_xl_odr_get	24	static
../Drivers/BSP/Components/lsm6dsv/lsm6dsv_reg.c:10051:9:lsm6dsv_act_thresholds_set	40	static
../Drivers/BSP/Components/lsm6dsv/lsm6dsv_reg.c:10093:9:lsm6dsv_act_thresholds_get	40	static
../Drivers/BSP/Components/lsm6dsv/lsm6dsv_reg.c:10130:9:lsm6dsv_act_wkup_time_windows_set	24	static
../Drivers/BSP/Components/lsm6dsv/lsm6dsv_reg.c:10155:9:lsm6dsv_act_wkup_time_windows_get	24	static
