../Core/Inc/adc_ads131m02.h:256:23:adsSignExtend24	16	static
../Drivers/CMSIS/Include/core_cm33.h:2481:22:__NVIC_ClearPendingIRQ	16	static
../Core/Src/adc_ads131m02.c:45:13:adsCsLow	8	static
../Core/Src/adc_ads131m02.c:51:13:adsCsHigh	8	static
../Core/Src/adc_ads131m02.c:64:17:adsTransferFrame	56	static
../Core/Src/adc_ads131m02.c:94:17:adsWregFrame	56	static
../Core/Src/adc_ads131m02.c:123:10:ads131m02ReadReg	24	static
../Core/Src/adc_ads131m02.c:133:5:ads131m02WriteReg	24	static
../Core/Src/adc_ads131m02.c:152:13:adsHwReset	8	static
../Core/Src/adc_ads131m02.c:160:5:ads131m02Init	24	static
../Core/Src/adc_ads131m02.c:231:6:ads131m02SetGain	56	static
../Core/Src/adc_ads131m02.c:278:6:ads131m02DumpRegs	16	static
../Core/Src/adc_ads131m02.c:334:13:adsSpiForceCleanIdle	4	static
../Core/Src/adc_ads131m02.c:352:13:adsDmaSetup	8	static,ignoring_inline_asm
../Core/Src/adc_ads131m02.c:402:20:adsFastStart	4	static
../Core/Src/adc_ads131m02.c:434:20:adsFastComplete	56	static,ignoring_inline_asm
../Core/Src/adc_ads131m02.c:491:6:adsFastDrdyHandler	16	static
../Core/Src/adc_ads131m02.c:519:5:adsFastDmaCompleteHandler	24	static,ignoring_inline_asm
../Core/Src/adc_ads131m02.c:571:37:adsDumpDmaRegs	56	static
../Core/Src/adc_ads131m02.c:600:12:adsManualDmaTest	16	static,ignoring_inline_asm
../Core/Src/adc_ads131m02.c:641:6:ads131m02StartContinuous	16	static,ignoring_inline_asm
../Core/Src/adc_ads131m02.c:691:13:ads131m02ClearStats	8	static,ignoring_inline_asm
../Core/Src/adc_ads131m02.c:698:6:ads131m02StopContinuous	8	static,ignoring_inline_asm
../Core/Src/adc_ads131m02.c:731:31:ads131m02GetStats	4	static
../Core/Src/adc_ads131m02.c:743:13:adsResetAccumulators	4	static,ignoring_inline_asm
../Core/Src/adc_ads131m02.c:757:6:ads131m02PolarityTest	264	static,ignoring_inline_asm
../Core/Src/adc_ads131m02.c:883:6:ads131m02DrdyFmtTest	88	static
