../Core/Inc/adc_ads131m02.h:245:23:adsSignExtend24	16	static
../Drivers/CMSIS/Include/core_cm33.h:2481:22:__NVIC_ClearPendingIRQ	16	static
../Core/Src/adc_ads131m02.c:45:13:adsCsLow	8	static
../Core/Src/adc_ads131m02.c:51:13:adsCsHigh	8	static
../Core/Src/adc_ads131m02.c:64:17:adsTransferFrame	56	static
../Core/Src/adc_ads131m02.c:94:17:adsWregFrame	56	static
../Core/Src/adc_ads131m02.c:123:10:ads131m02ReadReg	24	static
../Core/Src/adc_ads131m02.c:133:5:ads131m02WriteReg	24	static
../Core/Src/adc_ads131m02.c:152:13:adsHwReset	8	static
../Core/Src/adc_ads131m02.c:160:5:ads131m02Init	24	static
../Core/Src/adc_ads131m02.c:226:6:ads131m02DumpRegs	16	static
../Core/Src/adc_ads131m02.c:282:13:adsSpiForceCleanIdle	4	static
../Core/Src/adc_ads131m02.c:300:13:adsDmaSetup	8	static,ignoring_inline_asm
../Core/Src/adc_ads131m02.c:350:20:adsFastStart	4	static
../Core/Src/adc_ads131m02.c:382:20:adsFastComplete	56	static,ignoring_inline_asm
../Core/Src/adc_ads131m02.c:439:6:adsFastDrdyHandler	16	static
../Core/Src/adc_ads131m02.c:467:5:adsFastDmaCompleteHandler	24	static,ignoring_inline_asm
../Core/Src/adc_ads131m02.c:519:37:adsDumpDmaRegs	56	static
../Core/Src/adc_ads131m02.c:548:12:adsManualDmaTest	16	static,ignoring_inline_asm
../Core/Src/adc_ads131m02.c:589:6:ads131m02StartContinuous	16	static,ignoring_inline_asm
../Core/Src/adc_ads131m02.c:639:13:ads131m02ClearStats	8	static,ignoring_inline_asm
../Core/Src/adc_ads131m02.c:646:6:ads131m02StopContinuous	8	static,ignoring_inline_asm
../Core/Src/adc_ads131m02.c:679:31:ads131m02GetStats	4	static
../Core/Src/adc_ads131m02.c:691:13:adsResetAccumulators	4	static,ignoring_inline_asm
../Core/Src/adc_ads131m02.c:705:6:ads131m02PolarityTest	264	static,ignoring_inline_asm
../Core/Src/adc_ads131m02.c:831:6:ads131m02DrdyFmtTest	88	static
