../Core/Src/battery_monitor.c:118:17:adc1ReadChannel	56	static
../Core/Src/battery_monitor.c:154:16:socFromVoltage	40	static
../Core/Src/battery_monitor.c:182:22:decodeCharger	16	static
../Core/Src/battery_monitor.c:212:16:computeMcuTempX10	24	static
../Core/Src/battery_monitor.c:221:5:batteryInit	40	static
../Core/Src/battery_monitor.c:270:6:batteryPoll	24	static
../Core/Src/battery_monitor.c:325:7:batteryGetVoltage	4	static
../Core/Src/battery_monitor.c:330:9:batteryGetSocPercent	4	static
../Core/Src/battery_monitor.c:335:15:batteryGetChargeState	4	static
../Core/Src/battery_monitor.c:340:13:batteryGetChargeStateStr	4	static
../Core/Src/battery_monitor.c:347:6:batteryIsUsbConnected	4	static
../Core/Src/battery_monitor.c:352:9:battGetMcuTempX10	4	static
../Core/Src/battery_monitor.c:357:10:battGetVddaMv	4	static
../Core/Src/battery_monitor.c:362:10:battGetVddCoreMv	4	static
../Core/Src/battery_monitor.c:367:13:batteryGetSocStr	8	static
../Core/Src/battery_monitor.c:376:13:batteryGetGpioDebugStr	24	static
