../Core/Src/debug_ui.c:58:13:cdcPrintf	16	static
../Core/Src/debug_ui.c:72:13:cdcVprintf	24	static
../Core/Src/debug_ui.c:85:13:uartPrintf	16	static
../Core/Src/debug_ui.c:101:13:gotoRc	16	static
../Core/Src/debug_ui.c:104:13:border	80	static
../Core/Src/debug_ui.c:115:13:prow	80	static
../Core/Src/debug_ui.c:130:13:rowInner	92	static
../Core/Src/debug_ui.c:192:6:uiSetState	16	static
../Core/Src/debug_ui.c:199:6:uiSetClkinHz	16	static
../Core/Src/debug_ui.c:200:6:uiSetDrdyHz	16	static
../Core/Src/debug_ui.c:201:6:uiSetForce	16	static
../Core/Src/debug_ui.c:202:6:uiSetVratio	16	static
../Core/Src/debug_ui.c:204:6:uiSetAdcCounts	16	static
../Core/Src/debug_ui.c:210:6:uiSetAdcRing	24	static
../Core/Src/debug_ui.c:216:6:uiSetAccel	24	static
../Core/Src/debug_ui.c:222:6:uiSetGyro	24	static
../Core/Src/debug_ui.c:228:6:uiSetImuDrift	24	static
../Core/Src/debug_ui.c:234:6:uiSetImuGrav	16	static
../Core/Src/debug_ui.c:241:6:uiSetImuCal	32	static
../Core/Src/debug_ui.c:249:6:uiSetImuTemp	16	static
../Core/Src/debug_ui.c:255:6:uiSetQuat	24	static
../Core/Src/debug_ui.c:261:6:uiSetEuler	24	static
../Core/Src/debug_ui.c:267:6:uiSetBattery	24	static
../Core/Src/debug_ui.c:276:6:uiSetUsbStatus	16	static
../Core/Src/debug_ui.c:283:6:uiSetMcuTemp	16	static
../Core/Src/debug_ui.c:289:6:uiSetSdStatus	16	static
../Core/Src/debug_ui.c:296:6:uiSetCalSource	16	static
../Core/Src/debug_ui.c:303:6:uiSetLogStats	24	static
../Core/Src/debug_ui.c:309:6:uiSetWritten	16	static
../Core/Src/debug_ui.c:318:6:uiDrawPanel	8	static
../Core/Src/debug_ui.c:360:13:updateFastFields	88	static
../Core/Src/debug_ui.c:412:13:updateSlowFields	64	static
../Core/Src/debug_ui.c:450:6:uiUpdateFields	16	static
../Core/Src/debug_ui.c:484:6:uiLog	16	static
../Core/Src/debug_ui.c:500:6:uiUartDump	136	static
../Core/Src/debug_ui.c:555:10:calSelectViaUi	40	static
../Core/Src/debug_ui.c:618:6:uiProcessInput	24	static
