../Core/Src/debug_ui.c:53:13:cdcPrintf	16	static
../Core/Src/debug_ui.c:67:13:cdcVprintf	24	static
../Core/Src/debug_ui.c:80:13:uartPrintf	16	static
../Core/Src/debug_ui.c:96:13:gotoRc	16	static
../Core/Src/debug_ui.c:99:13:border	80	static
../Core/Src/debug_ui.c:110:13:prow	80	static
../Core/Src/debug_ui.c:125:13:rowInner	92	static
../Core/Src/debug_ui.c:187:6:uiSetState	16	static
../Core/Src/debug_ui.c:194:6:uiSetClkinHz	16	static
../Core/Src/debug_ui.c:195:6:uiSetDrdyHz	16	static
../Core/Src/debug_ui.c:196:6:uiSetForce	16	static
../Core/Src/debug_ui.c:197:6:uiSetVratio	16	static
../Core/Src/debug_ui.c:199:6:uiSetAdcCounts	16	static
../Core/Src/debug_ui.c:205:6:uiSetAdcRing	24	static
../Core/Src/debug_ui.c:211:6:uiSetAccel	24	static
../Core/Src/debug_ui.c:217:6:uiSetGyro	24	static
../Core/Src/debug_ui.c:223:6:uiSetImuDrift	24	static
../Core/Src/debug_ui.c:229:6:uiSetImuGrav	16	static
../Core/Src/debug_ui.c:236:6:uiSetImuCal	32	static
../Core/Src/debug_ui.c:244:6:uiSetImuTemp	16	static
../Core/Src/debug_ui.c:250:6:uiSetQuat	24	static
../Core/Src/debug_ui.c:256:6:uiSetEuler	24	static
../Core/Src/debug_ui.c:262:6:uiSetBattery	24	static
../Core/Src/debug_ui.c:271:6:uiSetUsbStatus	16	static
../Core/Src/debug_ui.c:278:6:uiSetMcuTemp	16	static
../Core/Src/debug_ui.c:284:6:uiSetSdStatus	16	static
../Core/Src/debug_ui.c:291:6:uiSetCalSource	16	static
../Core/Src/debug_ui.c:298:6:uiSetLogStats	24	static
../Core/Src/debug_ui.c:304:6:uiSetWritten	16	static
../Core/Src/debug_ui.c:313:6:uiDrawPanel	8	static
../Core/Src/debug_ui.c:355:13:updateFastFields	88	static
../Core/Src/debug_ui.c:407:13:updateSlowFields	64	static
../Core/Src/debug_ui.c:445:6:uiUpdateFields	16	static
../Core/Src/debug_ui.c:479:6:uiLog	16	static
../Core/Src/debug_ui.c:495:6:uiUartDump	136	static
../Core/Src/debug_ui.c:550:6:uiProcessInput	24	static
