../Core/Src/debug_ui.c:62:13:cdcPrintf	16	static
../Core/Src/debug_ui.c:76:13:cdcVprintf	24	static
../Core/Src/debug_ui.c:89:13:uartPrintf	16	static
../Core/Src/debug_ui.c:105:13:gotoRc	16	static
../Core/Src/debug_ui.c:108:13:border	80	static
../Core/Src/debug_ui.c:119:13:prow	80	static
../Core/Src/debug_ui.c:134:13:rowInner	92	static
../Core/Src/debug_ui.c:196:6:uiSetState	16	static
../Core/Src/debug_ui.c:203:6:uiSetClkinHz	16	static
../Core/Src/debug_ui.c:204:6:uiSetDrdyHz	16	static
../Core/Src/debug_ui.c:205:6:uiSetForce	16	static
../Core/Src/debug_ui.c:206:6:uiSetVratio	16	static
../Core/Src/debug_ui.c:208:6:uiSetAdcCounts	16	static
../Core/Src/debug_ui.c:214:6:uiSetAdcRing	24	static
../Core/Src/debug_ui.c:220:6:uiSetAccel	24	static
../Core/Src/debug_ui.c:226:6:uiSetGyro	24	static
../Core/Src/debug_ui.c:232:6:uiSetImuDrift	24	static
../Core/Src/debug_ui.c:238:6:uiSetImuGrav	16	static
../Core/Src/debug_ui.c:245:6:uiSetImuCal	32	static
../Core/Src/debug_ui.c:253:6:uiSetImuTemp	16	static
../Core/Src/debug_ui.c:259:6:uiSetQuat	24	static
../Core/Src/debug_ui.c:265:6:uiSetEuler	24	static
../Core/Src/debug_ui.c:271:6:uiSetBattery	24	static
../Core/Src/debug_ui.c:280:6:uiSetUsbStatus	16	static
../Core/Src/debug_ui.c:287:6:uiSetMcuTemp	16	static
../Core/Src/debug_ui.c:293:6:uiSetSdStatus	16	static
../Core/Src/debug_ui.c:300:6:uiSetCalSource	16	static
../Core/Src/debug_ui.c:307:6:uiSetLogStats	24	static
../Core/Src/debug_ui.c:313:6:uiSetWritten	16	static
../Core/Src/debug_ui.c:322:6:uiDrawPanel	8	static
../Core/Src/debug_ui.c:364:13:updateFastFields	88	static
../Core/Src/debug_ui.c:416:13:updateSlowFields	64	static
../Core/Src/debug_ui.c:454:6:uiUpdateFields	16	static
../Core/Src/debug_ui.c:488:6:uiLog	16	static
../Core/Src/debug_ui.c:504:6:uiUartDump	136	static
../Core/Src/debug_ui.c:559:10:calSelectViaUi	40	static
../Core/Src/debug_ui.c:622:6:uiProcessInput	24	static
../Core/Src/debug_ui.c:647:9:uiConsumeTareRequest	4	static
