../Core/Src/imu_lsm6dsv.c:64:16:busInit	8	static
../Core/Src/imu_lsm6dsv.c:65:16:busDeinit	8	static
../Core/Src/imu_lsm6dsv.c:70:13:spiRecover	8	static
../Core/Src/imu_lsm6dsv.c:84:16:spiRead	32	static
../Core/Src/imu_lsm6dsv.c:116:16:spiWrite	32	static
../Core/Src/imu_lsm6dsv.c:140:13:busDelay	16	static
../Core/Src/imu_lsm6dsv.c:141:16:busGetTick	8	static
../Core/Src/imu_lsm6dsv.c:149:13:quatToEuler	64	static
../Core/Src/imu_lsm6dsv.c:170:13:swQuatIntegrate	72	static
../Core/Src/imu_lsm6dsv.c:198:14:halfToFloat	40	static
../Core/Src/imu_lsm6dsv.c:232:12:fifoDrainSflp	72	static
../Core/Src/imu_lsm6dsv.c:290:5:imuInit	64	static
../Core/Src/imu_lsm6dsv.c:371:5:imuCalibrate	216	static
../Core/Src/imu_lsm6dsv.c:476:5:imuRead	64	static
../Core/Src/imu_lsm6dsv.c:568:5:imuReadRaw	32	static
../Core/Src/imu_lsm6dsv.c:591:13:imuGetGravAxis	4	static
../Core/Src/imu_lsm6dsv.c:597:6:imuGetCalOffsets	24	static
../Core/Src/imu_lsm6dsv.c:605:6:imuGetDiag	24	static
../Core/Src/imu_lsm6dsv.c:617:6:imuGetTimingDiag	24	static
