../Core/Src/stm32h5xx_it.c:34:13:fault_uart_puts	16	static
../Core/Src/stm32h5xx_it.c:39:13:fault_uart_hex	80	static
../Core/Src/stm32h5xx_it.c:50:13:fault_dump	24	static
../Core/Src/stm32h5xx_it.c:133:6:NMI_Handler	4	static
../Core/Src/stm32h5xx_it.c:148:6:HardFault_Handler	8	static
../Core/Src/stm32h5xx_it.c:163:6:MemManage_Handler	8	static
../Core/Src/stm32h5xx_it.c:178:6:BusFault_Handler	8	static
../Core/Src/stm32h5xx_it.c:193:6:UsageFault_Handler	8	static
../Core/Src/stm32h5xx_it.c:208:6:SVC_Handler	4	static
../Core/Src/stm32h5xx_it.c:221:6:DebugMon_Handler	4	static
../Core/Src/stm32h5xx_it.c:234:6:PendSV_Handler	4	static
../Core/Src/stm32h5xx_it.c:247:6:SysTick_Handler	4	static
../Core/Src/stm32h5xx_it.c:268:6:EXTI2_IRQHandler	8	static
../Core/Src/stm32h5xx_it.c:287:6:EXTI4_IRQHandler	8	static
../Core/Src/stm32h5xx_it.c:301:6:GPDMA1_Channel0_IRQHandler	4	static
../Core/Src/stm32h5xx_it.c:322:6:GPDMA1_Channel1_IRQHandler	8	static
../Core/Src/stm32h5xx_it.c:344:6:ADC1_IRQHandler	8	static
../Core/Src/stm32h5xx_it.c:358:6:TIM2_IRQHandler	8	static
../Core/Src/stm32h5xx_it.c:372:6:TIM3_IRQHandler	8	static
../Core/Src/stm32h5xx_it.c:386:6:TIM6_IRQHandler	8	static
../Core/Src/stm32h5xx_it.c:400:6:SPI1_IRQHandler	8	static
../Core/Src/stm32h5xx_it.c:414:6:SPI2_IRQHandler	8	static
../Core/Src/stm32h5xx_it.c:428:6:USART1_IRQHandler	8	static
../Core/Src/stm32h5xx_it.c:442:6:USB_DRD_FS_IRQHandler	8	static
../Core/Src/stm32h5xx_it.c:456:6:SDMMC1_IRQHandler	8	static
../Core/Src/stm32h5xx_it.c:470:6:FPU_IRQHandler	4	static
../Core/Src/stm32h5xx_it.c:483:6:ICACHE_IRQHandler	8	static
../Core/Src/stm32h5xx_it.c:497:6:CORDIC_IRQHandler	8	static
../Core/Src/stm32h5xx_it.c:511:6:FMAC_IRQHandler	8	static
../Core/Src/stm32h5xx_it.c:529:6:GPDMA1_Channel2_IRQHandler	8	static
