../Drivers/STM32H5xx_HAL_Driver/Src/stm32h5xx_hal_fmac.c:378:19:HAL_FMAC_Init	24	static
../Drivers/STM32H5xx_HAL_Driver/Src/stm32h5xx_hal_fmac.c:451:19:HAL_FMAC_DeInit	16	static
../Drivers/STM32H5xx_HAL_Driver/Src/stm32h5xx_hal_fmac.c:498:13:HAL_FMAC_MspInit	16	static
../Drivers/STM32H5xx_HAL_Driver/Src/stm32h5xx_hal_fmac.c:513:13:HAL_FMAC_MspDeInit	16	static
../Drivers/STM32H5xx_HAL_Driver/Src/stm32h5xx_hal_fmac.c:796:19:HAL_FMAC_FilterConfig	16	static
../Drivers/STM32H5xx_HAL_Driver/Src/stm32h5xx_hal_fmac.c:812:19:HAL_FMAC_FilterConfig_DMA	16	static
../Drivers/STM32H5xx_HAL_Driver/Src/stm32h5xx_hal_fmac.c:836:19:HAL_FMAC_FilterPreload	32	static
../Drivers/STM32H5xx_HAL_Driver/Src/stm32h5xx_hal_fmac.c:861:19:HAL_FMAC_FilterPreload_DMA	32	static
../Drivers/STM32H5xx_HAL_Driver/Src/stm32h5xx_hal_fmac.c:879:19:HAL_FMAC_FilterStart	32	static
../Drivers/STM32H5xx_HAL_Driver/Src/stm32h5xx_hal_fmac.c:964:19:HAL_FMAC_AppendFilterData	32	static
../Drivers/STM32H5xx_HAL_Driver/Src/stm32h5xx_hal_fmac.c:1020:19:HAL_FMAC_ConfigFilterOutputBuffer	32	static
../Drivers/STM32H5xx_HAL_Driver/Src/stm32h5xx_hal_fmac.c:1081:19:HAL_FMAC_PollFilterData	32	static
../Drivers/STM32H5xx_HAL_Driver/Src/stm32h5xx_hal_fmac.c:1200:19:HAL_FMAC_FilterStop	24	static
../Drivers/STM32H5xx_HAL_Driver/Src/stm32h5xx_hal_fmac.c:1298:13:HAL_FMAC_ErrorCallback	16	static
../Drivers/STM32H5xx_HAL_Driver/Src/stm32h5xx_hal_fmac.c:1314:13:HAL_FMAC_HalfGetDataCallback	16	static
../Drivers/STM32H5xx_HAL_Driver/Src/stm32h5xx_hal_fmac.c:1330:13:HAL_FMAC_GetDataCallback	16	static
../Drivers/STM32H5xx_HAL_Driver/Src/stm32h5xx_hal_fmac.c:1346:13:HAL_FMAC_HalfOutputDataReadyCallback	16	static
../Drivers/STM32H5xx_HAL_Driver/Src/stm32h5xx_hal_fmac.c:1362:13:HAL_FMAC_OutputDataReadyCallback	16	static
../Drivers/STM32H5xx_HAL_Driver/Src/stm32h5xx_hal_fmac.c:1378:13:HAL_FMAC_FilterConfigCallback	16	static
../Drivers/STM32H5xx_HAL_Driver/Src/stm32h5xx_hal_fmac.c:1394:13:HAL_FMAC_FilterPreloadCallback	16	static
../Drivers/STM32H5xx_HAL_Driver/Src/stm32h5xx_hal_fmac.c:1427:6:HAL_FMAC_IRQHandler	24	static
../Drivers/STM32H5xx_HAL_Driver/Src/stm32h5xx_hal_fmac.c:1543:23:HAL_FMAC_GetState	16	static
../Drivers/STM32H5xx_HAL_Driver/Src/stm32h5xx_hal_fmac.c:1556:10:HAL_FMAC_GetError	16	static
../Drivers/STM32H5xx_HAL_Driver/Src/stm32h5xx_hal_fmac.c:1584:26:FMAC_Reset	24	static
../Drivers/STM32H5xx_HAL_Driver/Src/stm32h5xx_hal_fmac.c:1613:13:FMAC_ResetDataPointers	16	static
../Drivers/STM32H5xx_HAL_Driver/Src/stm32h5xx_hal_fmac.c:1624:13:FMAC_ResetInputStateAndDataPointers	16	static
../Drivers/STM32H5xx_HAL_Driver/Src/stm32h5xx_hal_fmac.c:1637:13:FMAC_ResetOutputStateAndDataPointers	16	static
../Drivers/STM32H5xx_HAL_Driver/Src/stm32h5xx_hal_fmac.c:1656:26:FMAC_FilterConfig	40	static
../Drivers/STM32H5xx_HAL_Driver/Src/stm32h5xx_hal_fmac.c:1899:26:FMAC_FilterPreload	32	static
../Drivers/STM32H5xx_HAL_Driver/Src/stm32h5xx_hal_fmac.c:2099:13:FMAC_WritePreloadDataIncrementPtr	32	static
../Drivers/STM32H5xx_HAL_Driver/Src/stm32h5xx_hal_fmac.c:2118:26:FMAC_WaitOnStartUntilTimeout	24	static
../Drivers/STM32H5xx_HAL_Driver/Src/stm32h5xx_hal_fmac.c:2142:26:FMAC_AppendFilterDataUpdateState	32	static
../Drivers/STM32H5xx_HAL_Driver/Src/stm32h5xx_hal_fmac.c:2217:26:FMAC_ConfigFilterOutputBufferUpdateState	32	static
../Drivers/STM32H5xx_HAL_Driver/Src/stm32h5xx_hal_fmac.c:2302:13:FMAC_ReadDataIncrementPtr	32	static
../Drivers/STM32H5xx_HAL_Driver/Src/stm32h5xx_hal_fmac.c:2366:13:FMAC_WriteDataIncrementPtr	24	static
../Drivers/STM32H5xx_HAL_Driver/Src/stm32h5xx_hal_fmac.c:2425:13:FMAC_DMAHalfGetData	24	static
../Drivers/STM32H5xx_HAL_Driver/Src/stm32h5xx_hal_fmac.c:2442:13:FMAC_DMAGetData	24	static
../Drivers/STM32H5xx_HAL_Driver/Src/stm32h5xx_hal_fmac.c:2462:13:FMAC_DMAHalfOutputDataReady	24	static
../Drivers/STM32H5xx_HAL_Driver/Src/stm32h5xx_hal_fmac.c:2479:13:FMAC_DMAOutputDataReady	24	static
../Drivers/STM32H5xx_HAL_Driver/Src/stm32h5xx_hal_fmac.c:2499:13:FMAC_DMAFilterConfig	24	static
../Drivers/STM32H5xx_HAL_Driver/Src/stm32h5xx_hal_fmac.c:2599:13:FMAC_DMAFilterPreload	24	static
../Drivers/STM32H5xx_HAL_Driver/Src/stm32h5xx_hal_fmac.c:2706:13:FMAC_DMAError	24	static
