../Drivers/STM32H5xx_HAL_Driver/Inc/stm32h5xx_hal_pcd.h:605:26:PCD_GET_EP_RX_CNT	24	static
../Drivers/STM32H5xx_HAL_Driver/Inc/stm32h5xx_hal_pcd.h:648:26:PCD_GET_EP_DBUF0_CNT	24	static
../Drivers/STM32H5xx_HAL_Driver/Inc/stm32h5xx_hal_pcd.h:668:26:PCD_GET_EP_DBUF1_CNT	24	static
../Drivers/STM32H5xx_HAL_Driver/Src/stm32h5xx_hal_pcd.c:135:19:HAL_PCD_Init	32	static
../Drivers/STM32H5xx_HAL_Driver/Src/stm32h5xx_hal_pcd.c:268:19:HAL_PCD_DeInit	16	static
../Drivers/STM32H5xx_HAL_Driver/Src/stm32h5xx_hal_pcd.c:307:13:HAL_PCD_MspInit	16	static
../Drivers/STM32H5xx_HAL_Driver/Src/stm32h5xx_hal_pcd.c:322:13:HAL_PCD_MspDeInit	16	static
../Drivers/STM32H5xx_HAL_Driver/Src/stm32h5xx_hal_pcd.c:944:19:HAL_PCD_Start	16	static
../Drivers/STM32H5xx_HAL_Driver/Src/stm32h5xx_hal_pcd.c:970:19:HAL_PCD_Stop	16	static
../Drivers/STM32H5xx_HAL_Driver/Src/stm32h5xx_hal_pcd.c:1465:6:HAL_PCD_IRQHandler	24	static
../Drivers/STM32H5xx_HAL_Driver/Src/stm32h5xx_hal_pcd.c:1611:13:HAL_PCD_DataOutStageCallback	16	static
../Drivers/STM32H5xx_HAL_Driver/Src/stm32h5xx_hal_pcd.c:1628:13:HAL_PCD_DataInStageCallback	16	static
../Drivers/STM32H5xx_HAL_Driver/Src/stm32h5xx_hal_pcd.c:1643:13:HAL_PCD_SetupStageCallback	16	static
../Drivers/STM32H5xx_HAL_Driver/Src/stm32h5xx_hal_pcd.c:1658:13:HAL_PCD_SOFCallback	16	static
../Drivers/STM32H5xx_HAL_Driver/Src/stm32h5xx_hal_pcd.c:1673:13:HAL_PCD_ResetCallback	16	static
../Drivers/STM32H5xx_HAL_Driver/Src/stm32h5xx_hal_pcd.c:1688:13:HAL_PCD_SuspendCallback	16	static
../Drivers/STM32H5xx_HAL_Driver/Src/stm32h5xx_hal_pcd.c:1703:13:HAL_PCD_ResumeCallback	16	static
../Drivers/STM32H5xx_HAL_Driver/Src/stm32h5xx_hal_pcd.c:1719:13:HAL_PCD_ISOOUTIncompleteCallback	16	static
../Drivers/STM32H5xx_HAL_Driver/Src/stm32h5xx_hal_pcd.c:1736:13:HAL_PCD_ISOINIncompleteCallback	16	static
../Drivers/STM32H5xx_HAL_Driver/Src/stm32h5xx_hal_pcd.c:1752:13:HAL_PCD_ConnectCallback	16	static
../Drivers/STM32H5xx_HAL_Driver/Src/stm32h5xx_hal_pcd.c:1767:13:HAL_PCD_DisconnectCallback	16	static
../Drivers/STM32H5xx_HAL_Driver/Src/stm32h5xx_hal_pcd.c:1801:19:HAL_PCD_DevConnect	16	static
../Drivers/STM32H5xx_HAL_Driver/Src/stm32h5xx_hal_pcd.c:1828:19:HAL_PCD_DevDisconnect	16	static
../Drivers/STM32H5xx_HAL_Driver/Src/stm32h5xx_hal_pcd.c:1856:19:HAL_PCD_SetAddress	16	static
../Drivers/STM32H5xx_HAL_Driver/Src/stm32h5xx_hal_pcd.c:1873:19:HAL_PCD_EP_Open	24	static
../Drivers/STM32H5xx_HAL_Driver/Src/stm32h5xx_hal_pcd.c:1921:19:HAL_PCD_EP_Close	24	static
../Drivers/STM32H5xx_HAL_Driver/Src/stm32h5xx_hal_pcd.c:1952:19:HAL_PCD_EP_Receive	32	static
../Drivers/STM32H5xx_HAL_Driver/Src/stm32h5xx_hal_pcd.c:1985:10:HAL_PCD_EP_GetRxCount	16	static
../Drivers/STM32H5xx_HAL_Driver/Src/stm32h5xx_hal_pcd.c:1997:19:HAL_PCD_EP_Transmit	32	static
../Drivers/STM32H5xx_HAL_Driver/Src/stm32h5xx_hal_pcd.c:2034:19:HAL_PCD_EP_SetStall	24	static
../Drivers/STM32H5xx_HAL_Driver/Src/stm32h5xx_hal_pcd.c:2079:19:HAL_PCD_EP_ClrStall	24	static
../Drivers/STM32H5xx_HAL_Driver/Src/stm32h5xx_hal_pcd.c:2115:19:HAL_PCD_EP_Abort	24	static
../Drivers/STM32H5xx_HAL_Driver/Src/stm32h5xx_hal_pcd.c:2141:19:HAL_PCD_EP_Flush	16	static
../Drivers/STM32H5xx_HAL_Driver/Src/stm32h5xx_hal_pcd.c:2164:19:HAL_PCD_ActivateRemoteWakeup	16	static
../Drivers/STM32H5xx_HAL_Driver/Src/stm32h5xx_hal_pcd.c:2174:19:HAL_PCD_DeActivateRemoteWakeup	16	static
../Drivers/STM32H5xx_HAL_Driver/Src/stm32h5xx_hal_pcd.c:2203:18:HAL_PCD_GetState	16	static
../Drivers/STM32H5xx_HAL_Driver/Src/stm32h5xx_hal_pcd.c:2464:26:PCD_EP_ISR_Handler	80	static
../Drivers/STM32H5xx_HAL_Driver/Src/stm32h5xx_hal_pcd.c:2755:17:HAL_PCD_EP_DB_Receive	48	static
../Drivers/STM32H5xx_HAL_Driver/Src/stm32h5xx_hal_pcd.c:2836:26:HAL_PCD_EP_DB_Transmit	72	static
