../Drivers/STM32H5xx_HAL_Driver/Src/stm32h5xx_hal_rtc.c:263:19:HAL_RTC_Init	24	static
../Drivers/STM32H5xx_HAL_Driver/Src/stm32h5xx_hal_rtc.c:456:19:HAL_RTC_DeInit	24	static
../Drivers/STM32H5xx_HAL_Driver/Src/stm32h5xx_hal_rtc.c:962:13:HAL_RTC_MspInit	16	static
../Drivers/STM32H5xx_HAL_Driver/Src/stm32h5xx_hal_rtc.c:977:13:HAL_RTC_MspDeInit	16	static
../Drivers/STM32H5xx_HAL_Driver/Src/stm32h5xx_hal_rtc.c:1020:19:HAL_RTC_SetTime	40	static
../Drivers/STM32H5xx_HAL_Driver/Src/stm32h5xx_hal_rtc.c:1141:19:HAL_RTC_GetTime	32	static
../Drivers/STM32H5xx_HAL_Driver/Src/stm32h5xx_hal_rtc.c:1191:19:HAL_RTC_SetDate	40	static
../Drivers/STM32H5xx_HAL_Driver/Src/stm32h5xx_hal_rtc.c:1277:19:HAL_RTC_GetDate	32	static
../Drivers/STM32H5xx_HAL_Driver/Src/stm32h5xx_hal_rtc.c:1313:6:HAL_RTC_DST_Add1Hour	16	static
../Drivers/STM32H5xx_HAL_Driver/Src/stm32h5xx_hal_rtc.c:1334:6:HAL_RTC_DST_Sub1Hour	16	static
../Drivers/STM32H5xx_HAL_Driver/Src/stm32h5xx_hal_rtc.c:1355:6:HAL_RTC_DST_SetStoreOperation	16	static
../Drivers/STM32H5xx_HAL_Driver/Src/stm32h5xx_hal_rtc.c:1369:6:HAL_RTC_DST_ClearStoreOperation	16	static
../Drivers/STM32H5xx_HAL_Driver/Src/stm32h5xx_hal_rtc.c:1383:10:HAL_RTC_DST_ReadStoreOperation	16	static
../Drivers/STM32H5xx_HAL_Driver/Src/stm32h5xx_hal_rtc.c:1425:19:HAL_RTC_SetAlarm	40	static
../Drivers/STM32H5xx_HAL_Driver/Src/stm32h5xx_hal_rtc.c:1637:19:HAL_RTC_SetAlarm_IT	40	static
../Drivers/STM32H5xx_HAL_Driver/Src/stm32h5xx_hal_rtc.c:1841:19:HAL_RTC_DeactivateAlarm	16	static
../Drivers/STM32H5xx_HAL_Driver/Src/stm32h5xx_hal_rtc.c:1891:19:HAL_RTC_GetAlarm	32	static
../Drivers/STM32H5xx_HAL_Driver/Src/stm32h5xx_hal_rtc.c:2001:6:HAL_RTC_AlarmIRQHandler	24	static
../Drivers/STM32H5xx_HAL_Driver/Src/stm32h5xx_hal_rtc.c:2042:13:HAL_RTC_AlarmAEventCallback	16	static
../Drivers/STM32H5xx_HAL_Driver/Src/stm32h5xx_hal_rtc.c:2058:19:HAL_RTC_PollForAlarmAEvent	24	static
../Drivers/STM32H5xx_HAL_Driver/Src/stm32h5xx_hal_rtc.c:2123:19:HAL_RTC_WaitForSynchro	24	static
../Drivers/STM32H5xx_HAL_Driver/Src/stm32h5xx_hal_rtc.c:2177:21:HAL_RTC_GetState	16	static
../Drivers/STM32H5xx_HAL_Driver/Src/stm32h5xx_hal_rtc.c:2200:19:RTC_EnterInitMode	24	static
../Drivers/STM32H5xx_HAL_Driver/Src/stm32h5xx_hal_rtc.c:2241:19:RTC_ExitInitMode	24	static
../Drivers/STM32H5xx_HAL_Driver/Src/stm32h5xx_hal_rtc.c:2279:9:RTC_ByteToBcd2	24	static
../Drivers/STM32H5xx_HAL_Driver/Src/stm32h5xx_hal_rtc.c:2298:9:RTC_Bcd2ToByte	24	static
